// Jest Snapshot v1, https://goo.gl/fbAQLP

exports[`Pruebas en Gif Gird debe de mostrar el componente correctamente 1`] = `
<div
  className="card animate__animated animate__fadeInLeft"
>
  <img
    alt="Un titulo"
    src="http://localhost/algo.jpg"
  />
  <p>
     
    Un titulo
     
  </p>
</div>
`;
